
> ntssite@0.1.0 build
> next build

Γû▓ Next.js 16.1.6 (Turbopack)

  Creating an optimized production build ...
Γ£ô Compiled successfully in 81s
  Running TypeScript ...
  Collecting page data using 11 workers ...
  Generating static pages using 11 workers (0/4) ...
node.exe : Error occurred 
prerendering page "/". Read 
more: https://nextjs.org/docs
/messages/prerender-error
At C:\Program 
Files\nodejs\npm.ps1:29 
char:3
+   & $NODE_EXE $NPM_CLI_JS 
$args
+   
~~~~~~~~~~~~~~~~~~~~~~~~~~~~~
    + CategoryInfo           
   : NotSpecified: (Error o  
  ccurred ...prerender-err   
 or:String) [], RemoteExc    
eption
    + FullyQualifiedErrorId  
   : NativeCommandError
 
Error: Event handlers cannot 
be passed to Client 
Component props.
  {src: ..., alt: ..., 
className: ..., onError: 
function onError}
                             
                   
^^^^^^^^^^^^^^^^
If you need interactivity, 
consider converting part of 
this to a Client Component.
    at stringify 
(<anonymous>) {
  digest: '1575635810'
}
Export encountered an error 
on /page: /, exiting the 
build.
Γ¿» Next.js build worker 
exited with code: 1 and 
signal: null
